Ok(
    VTimezone {
        tzid: Text {
            params: {},
            text: "America/New_York",
        },
        last_modified: None,
        tzurl: Some(
            Uri {
                params: {},
                uri: "http://tzurl.org/zoneinfo-outlook/America/New_York",
            },
        ),
        standard: [
            Prop {
                dtstart: DateTime(
                    Naive(
                        1970-11-01T02:00:00,
                    ),
                ),
                tzoffsetto: -05:00,
                tzoffsetfrom: -04:00,
                rrule: Some(
                    Recur {
                        freq: Yearly,
                        until: None,
                        count: None,
                        interval: 1,
                        by_second: [],
                        by_minute: [],
                        by_hour: [],
                        by_day: [
                            WeekdayNum {
                                weekday: Sunday,
                                ord: Some(
                                    1,
                                ),
                            },
                        ],
                        by_monthday: [],
                        by_yearday: [],
                        by_weekno: [],
                        by_month: [
                            11,
                        ],
                        by_setpos: [],
                        wkst: None,
                    },
                ),
                comment: [],
                rdate: [],
                tzname: [
                    Text {
                        params: {},
                        text: "EST",
                    },
                ],
                x_prop: {},
                iana_prop: {},
            },
        ],
        daylight: [
            Prop {
                dtstart: DateTime(
                    Naive(
                        1970-03-08T02:00:00,
                    ),
                ),
                tzoffsetto: -04:00,
                tzoffsetfrom: -05:00,
                rrule: Some(
                    Recur {
                        freq: Yearly,
                        until: None,
                        count: None,
                        interval: 1,
                        by_second: [],
                        by_minute: [],
                        by_hour: [],
                        by_day: [
                            WeekdayNum {
                                weekday: Sunday,
                                ord: Some(
                                    2,
                                ),
                            },
                        ],
                        by_monthday: [],
                        by_yearday: [],
                        by_weekno: [],
                        by_month: [
                            3,
                        ],
                        by_setpos: [],
                        wkst: None,
                    },
                ),
                comment: [],
                rdate: [],
                tzname: [
                    Text {
                        params: {},
                        text: "EDT",
                    },
                ],
                x_prop: {},
                iana_prop: {},
            },
        ],
        x_prop: {
            "X-LIC-LOCATION": ContentLine {
                params: {},
                value: "America/New_York",
            },
        },
        iana_prop: {},
    },
)
