Ok(
    VCalendar {
        prodid: "+//IDN bitfire.at//DAVdroid/1.0.8 ical4android ical4j/2.x",
        version: "2.0",
        calscale: None,
        content: Todo(
            VTodo {
                created: 2016-05-15T11:48:01+02:00,
                dtstamp: 2016-05-15T18:43:10+02:00,
                last_modified: 2016-05-15T11:48:01+02:00,
                uid: "10442264-14b1-47cf-9263-69447c0e0d7f",
                summary: "the science of good cooking +book",
                status: Completed,
                percent_complete: 100,
                extra: {
                    "COMPLETED": "20160515T192354",
                    "LOCATION": "",
                },
            },
        ),
    },
)
