Ok(
    VCalendar {
        prodid: "-//Nextcloud calendar v1.5.0",
        version: "2.0",
        calscale: Some(
            "GREGORIAN",
        ),
        method: None,
        alarms: [],
        events: [
            VEvent {
                dtstamp: 2017-02-09T19:23:58+01:00,
                uid: "5UILHLI7RI6K2IDRAQX7O",
                dtstart: 2015-02-19T19:00:00+01:00,
                class: Some(
                    Public,
                ),
                created: Some(
                    2017-02-09T19:23:58+01:00,
                ),
                description: None,
                geo: None,
                last_modified: Some(
                    2017-02-09T19:23:58+01:00,
                ),
                location: None,
                organizer: None,
                priority: None,
                sequence: None,
                status: Some(
                    Confirmed,
                ),
                summary: Some(
                    "Vers",
                ),
                transp: None,
                url: None,
                recurid: None,
                rrule: None,
                dtend: Some(
                    2017-02-10T00:00:00+01:00,
                ),
                duration: None,
                attach: [],
                attendee: [],
                categories: [],
                comment: [],
                contact: [],
                exdate: [],
                rstatus: [],
                related_to: [],
                resources: [],
                rdate: [],
                x_prop: {},
                iana_prop: {},
            },
        ],
        freebusy: [],
        journals: [],
        todo: [],
        timezones: [
            VTimezone {
                tzid: "Europe/Berlin",
                last_modified: None,
                tzurl: None,
                standard: [
                    Prop {
                        dtstart: 1970-10-25T03:00:00+01:00,
                        tzoffsetto: +01:00,
                        tzoffsetfrom: +02:00,
                        rrule: Some(
                            Recur {
                                freq: Yearly,
                                until: None,
                                count: None,
                                interval: None,
                                by_second: [],
                                by_minute: [],
                                by_hour: [],
                                by_day: [],
                                by_monthday: [],
                                by_yearday: [],
                                by_weekno: [],
                                by_month: [
                                    10,
                                ],
                                by_setpos: [],
                                wkst: None,
                            },
                        ),
                        comment: [],
                        rdate: [],
                        tzname: [
                            "CET",
                        ],
                        x_prop: {},
                        iana_prop: {},
                    },
                ],
                daylight: [
                    Prop {
                        dtstart: 1970-03-29T02:00:00+01:00,
                        tzoffsetto: +02:00,
                        tzoffsetfrom: +01:00,
                        rrule: Some(
                            Recur {
                                freq: Yearly,
                                until: None,
                                count: None,
                                interval: None,
                                by_second: [],
                                by_minute: [],
                                by_hour: [],
                                by_day: [],
                                by_monthday: [],
                                by_yearday: [],
                                by_weekno: [],
                                by_month: [
                                    3,
                                ],
                                by_setpos: [],
                                wkst: None,
                            },
                        ),
                        comment: [],
                        rdate: [],
                        tzname: [
                            "CEST",
                        ],
                        x_prop: {},
                        iana_prop: {},
                    },
                ],
                x_prop: {
                    "X-LIC-LOCATION": "Europe/Berlin",
                },
                iana_prop: {},
            },
        ],
        x_prop: {},
        iana_prop: {},
    },
)
