Ok(
    VCalendar {
        prodid: Text {
            params: {},
            text: "collective/icalendar",
        },
        version: Text {
            params: {},
            text: "2.0",
        },
        calscale: Some(
            Text {
                params: {},
                text: "GREGORIAN",
            },
        ),
        method: Some(
            Text {
                params: {},
                text: "PUBLISH",
            },
        ),
        alarms: [],
        events: [
            VEvent {
                dtstamp: Local(
                    2022-11-08T09:01:05+01:00,
                ),
                uid: Text {
                    params: {},
                    text: "636a0cc1dbd5a1667894465@icalendar",
                },
                dtstart: Date(
                    2022-01-01,
                ),
                class: None,
                created: None,
                description: Some(
                    Text {
                        params: {},
                        text: "Happy New Year!",
                    },
                ),
                geo: None,
                last_modified: None,
                location: None,
                organizer: None,
                priority: None,
                sequence: Some(
                    0,
                ),
                status: Some(
                    Confirmed,
                ),
                summary: Some(
                    Text {
                        params: {},
                        text: "New Year's Day",
                    },
                ),
                transp: Some(
                    Transparent,
                ),
                url: None,
                recurid: None,
                rrule: None,
                dtend: Some(
                    Date(
                        2022-01-01,
                    ),
                ),
                duration: None,
                attach: [],
                attendee: [],
                categories: [],
                comment: [],
                contact: [],
                exdate: [],
                rstatus: [],
                related_to: [],
                resources: [],
                rdate: [],
                x_prop: {},
                iana_prop: {},
            },
            VEvent {
                dtstamp: Naive(
                    1970-01-01T00:00:00,
                ),
                uid: Text {
                    params: {},
                    text: "636a0cc1dbfd91667894465@icalendar",
                },
                dtstart: Date(
                    2022-01-07,
                ),
                class: None,
                created: None,
                description: Some(
                    Text {
                        params: {},
                        text: "It is Christmas again!",
                    },
                ),
                geo: None,
                last_modified: None,
                location: Some(
                    Text {
                        params: {},
                        text: "Russia",
                    },
                ),
                organizer: None,
                priority: None,
                sequence: Some(
                    0,
                ),
                status: Some(
                    Confirmed,
                ),
                summary: Some(
                    Text {
                        params: {},
                        text: "Orthodox Christmas",
                    },
                ),
                transp: Some(
                    Transparent,
                ),
                url: None,
                recurid: None,
                rrule: None,
                dtend: Some(
                    Date(
                        2022-01-07,
                    ),
                ),
                duration: None,
                attach: [],
                attendee: [],
                categories: [],
                comment: [],
                contact: [],
                exdate: [],
                rstatus: [],
                related_to: [],
                resources: [],
                rdate: [],
                x_prop: {},
                iana_prop: {},
            },
            VEvent {
                dtstamp: Naive(
                    1970-01-01T00:00:00,
                ),
                uid: Text {
                    params: {},
                    text: "636a0cc1dc0f11667894465@icalendar",
                },
                dtstart: Date(
                    2022-03-08,
                ),
                class: None,
                created: None,
                description: Some(
                    Text {
                        params: {},
                        text: "May the feminine be honoured!",
                    },
                ),
                geo: None,
                last_modified: None,
                location: None,
                organizer: None,
                priority: None,
                sequence: Some(
                    0,
                ),
                status: Some(
                    Confirmed,
                ),
                summary: Some(
                    Text {
                        params: {},
                        text: "International Women's Day",
                    },
                ),
                transp: Some(
                    Transparent,
                ),
                url: None,
                recurid: None,
                rrule: None,
                dtend: Some(
                    Date(
                        2022-03-08,
                    ),
                ),
                duration: None,
                attach: [],
                attendee: [],
                categories: [],
                comment: [],
                contact: [],
                exdate: [],
                rstatus: [],
                related_to: [],
                resources: [],
                rdate: [],
                x_prop: {},
                iana_prop: {},
            },
        ],
        freebusy: [],
        journals: [],
        todo: [],
        timezones: [],
        x_prop: {
            "X-WR-CALNAME": ContentLine {
                params: {},
                value: "Holidays",
            },
            "X-WR-TIMEZONE": ContentLine {
                params: {},
                value: "Etc/GMT",
            },
        },
        iana_prop: {},
    },
)
