Ok(
    VCalendar {
        prodid: Text {
            params: {},
            text: "-//davmail.sf.net/NONSGML DavMail Calendar V1.1//EN",
        },
        version: Text {
            params: {},
            text: "2.0",
        },
        calscale: None,
        method: Some(
            Text {
                params: {},
                text: "REPLY",
            },
        ),
        alarms: [],
        events: [],
        freebusy: [
            VFreebusy {
                dtstamp: Local(
                    2012-01-31T13:30:00+01:00,
                ),
                uid: Text {
                    params: {},
                    text: "null",
                },
                contact: None,
                dtstart: Some(
                    DateTime(
                        Local(
                            2012-01-01T01:00:00+01:00,
                        ),
                    ),
                ),
                dtend: Some(
                    DateTime(
                        Local(
                            2012-02-01T01:00:00+01:00,
                        ),
                    ),
                ),
                organizer: Some(
                    Uri {
                        params: {},
                        uri: "MAILTO:organizer@domain.tld",
                    },
                ),
                url: None,
                attendee: [
                    Uri {
                        params: {},
                        uri: "MAILTO:attendee@domain.tld",
                    },
                ],
                comment: [],
                freebusy: [
                    StartEnd(
                        StartEnd {
                            start: Local(
                                2012-01-31T10:15:00+01:00,
                            ),
                            end: Local(
                                2012-01-31T11:15:00+01:00,
                            ),
                        },
                    ),
                ],
                rstatus: [],
                x_prop: {},
                iana_prop: {},
            },
        ],
        journals: [],
        todo: [],
        timezones: [],
        x_prop: {},
        iana_prop: {},
    },
)
