Ok(
    VCalendar {
        prodid: Text {
            params: {},
            text: "collective/icalendar",
        },
        version: Text {
            params: {},
            text: "2.0",
        },
        calscale: None,
        method: None,
        alarms: [],
        events: [
            VEvent {
                dtstamp: Naive(
                    2023-09-20T12:00:00,
                ),
                uid: Text {
                    params: {},
                    text: "1",
                },
                dtstart: DateTime(
                    Naive(
                        2023-09-20T12:00:00,
                    ),
                ),
                class: None,
                created: None,
                description: Some(
                    Text {
                        params: {},
                        text: "Test RDATE",
                    },
                ),
                geo: None,
                last_modified: None,
                location: None,
                organizer: None,
                priority: None,
                sequence: None,
                status: None,
                summary: Some(
                    Text {
                        params: {},
                        text: "Test RDATE",
                    },
                ),
                transp: None,
                url: None,
                recurid: None,
                rrule: Some(
                    Recur {
                        freq: Monthly,
                        until: None,
                        count: Some(
                            9,
                        ),
                        interval: 1,
                        by_second: [],
                        by_minute: [],
                        by_hour: [],
                        by_day: [
                            WeekdayNum {
                                weekday: Wenesday,
                                ord: Some(
                                    3,
                                ),
                            },
                        ],
                        by_monthday: [],
                        by_yearday: [],
                        by_weekno: [],
                        by_month: [
                            1,
                            2,
                            3,
                            4,
                            5,
                            9,
                            10,
                            11,
                            12,
                        ],
                        by_setpos: [],
                        wkst: Some(
                            Monday,
                        ),
                    },
                ),
                dtend: Some(
                    DateTime(
                        Naive(
                            2023-09-20T14:00:00,
                        ),
                    ),
                ),
                duration: None,
                attach: [],
                attendee: [],
                categories: [],
                comment: [],
                contact: [],
                exdate: [
                    DateTime(
                        Naive(
                            2023-12-20T12:00:00,
                        ),
                    ),
                ],
                rstatus: [],
                related_to: [],
                resources: [],
                rdate: [
                    Period(
                        [
                            StartEnd(
                                StartEnd {
                                    start: Naive(
                                        2023-12-13T12:00:00,
                                    ),
                                    end: Naive(
                                        2023-12-13T15:00:00,
                                    ),
                                },
                            ),
                        ],
                    ),
                ],
                alarms: [],
                x_prop: {},
                iana_prop: {},
            },
        ],
        freebusy: [],
        journals: [],
        todo: [],
        timezones: [
            VTimezone {
                tzid: Text {
                    params: {},
                    text: "America/Vancouver",
                },
                last_modified: None,
                tzurl: None,
                standard: [
                    Prop {
                        dtstart: DateTime(
                            Naive(
                                2022-11-06T02:00:00,
                            ),
                        ),
                        tzoffsetto: -08:00,
                        tzoffsetfrom: -07:00,
                        rrule: None,
                        comment: [],
                        rdate: [
                            Date(
                                [
                                    DateTime(
                                        Naive(
                                            2023-11-05T02:00:00,
                                        ),
                                    ),
                                ],
                            ),
                        ],
                        tzname: [
                            Text {
                                params: {},
                                text: "PST",
                            },
                        ],
                        x_prop: {},
                        iana_prop: {},
                    },
                ],
                daylight: [
                    Prop {
                        dtstart: DateTime(
                            Naive(
                                2023-03-12T02:00:00,
                            ),
                        ),
                        tzoffsetto: -07:00,
                        tzoffsetfrom: -08:00,
                        rrule: None,
                        comment: [],
                        rdate: [
                            Date(
                                [
                                    DateTime(
                                        Naive(
                                            2024-03-10T02:00:00,
                                        ),
                                    ),
                                ],
                            ),
                        ],
                        tzname: [
                            Text {
                                params: {},
                                text: "PDT",
                            },
                        ],
                        x_prop: {},
                        iana_prop: {},
                    },
                ],
                x_prop: {},
                iana_prop: {},
            },
        ],
        x_prop: {
            "X-WR-CALNAME": ContentLine {
                params: {
                    "VALUE": "TEXT",
                },
                value: "Test RDATE",
            },
        },
        iana_prop: {},
    },
)
