Ok(
    VCalendar {
        prodid: Text {
            params: {},
            text: "Microsoft Exchange Server 2010",
        },
        version: Text {
            params: {},
            text: "2.0",
        },
        calscale: None,
        method: Some(
            Text {
                params: {},
                text: "REQUEST",
            },
        ),
        alarms: [],
        events: [
            VEvent {
                dtstamp: Local(
                    2017-02-24T19:04:31+01:00,
                ),
                uid: Text {
                    params: {},
                    text: "040000008200E00074C5B7101A82E0080000000090E19664858ED20100000000000000",
                },
                dtstart: DateTime(
                    Naive(
                        2017-02-24T12:00:00,
                    ),
                ),
                class: None,
                created: None,
                description: None,
                geo: None,
                last_modified: None,
                location: None,
                organizer: None,
                priority: None,
                sequence: None,
                status: None,
                summary: Some(
                    Text {
                        params: {
                            "LANGUAGE": "en-US",
                        },
                        text: "Test 4",
                    },
                ),
                transp: None,
                url: None,
                recurid: None,
                rrule: None,
                dtend: Some(
                    DateTime(
                        Naive(
                            2017-02-24T12:30:00,
                        ),
                    ),
                ),
                duration: None,
                attach: [],
                attendee: [],
                categories: [],
                comment: [],
                contact: [],
                exdate: [],
                rstatus: [],
                related_to: [],
                resources: [],
                rdate: [],
                alarms: [],
                x_prop: {},
                iana_prop: {},
            },
        ],
        freebusy: [],
        journals: [],
        todo: [],
        timezones: [
            VTimezone {
                tzid: Text {
                    params: {},
                    text: "Pacific Standard Time",
                },
                last_modified: None,
                tzurl: None,
                standard: [
                    Standard {
                        dtstart: DateTime(
                            Naive(
                                1601-01-01T02:00:00,
                            ),
                        ),
                        tzoffsetto: -08:00,
                        tzoffsetfrom: -07:00,
                        rrule: Some(
                            Recur {
                                freq: Yearly,
                                until: None,
                                count: None,
                                interval: 1,
                                by_second: [],
                                by_minute: [],
                                by_hour: [],
                                by_day: [
                                    WeekdayNum {
                                        weekday: Sunday,
                                        ord: Some(
                                            1,
                                        ),
                                    },
                                ],
                                by_monthday: [],
                                by_yearday: [],
                                by_weekno: [],
                                by_month: [
                                    11,
                                ],
                                by_setpos: [],
                                wkst: None,
                            },
                        ),
                        comment: [],
                        rdate: [],
                        tzname: [],
                        x_prop: {},
                        iana_prop: {},
                    },
                ],
                daylight: [
                    Daylight {
                        dtstart: DateTime(
                            Naive(
                                1601-01-01T02:00:00,
                            ),
                        ),
                        tzoffsetto: -07:00,
                        tzoffsetfrom: -08:00,
                        rrule: Some(
                            Recur {
                                freq: Yearly,
                                until: None,
                                count: None,
                                interval: 1,
                                by_second: [],
                                by_minute: [],
                                by_hour: [],
                                by_day: [
                                    WeekdayNum {
                                        weekday: Sunday,
                                        ord: Some(
                                            2,
                                        ),
                                    },
                                ],
                                by_monthday: [],
                                by_yearday: [],
                                by_weekno: [],
                                by_month: [
                                    3,
                                ],
                                by_setpos: [],
                                wkst: None,
                            },
                        ),
                        comment: [],
                        rdate: [],
                        tzname: [],
                        x_prop: {},
                        iana_prop: {},
                    },
                ],
                x_prop: {},
                iana_prop: {},
            },
        ],
        x_prop: {},
        iana_prop: {},
    },
)
