Ok(
    VCalendar {
        prodid: Text {
            params: {},
            text: "-//Google Inc//Google Calendar 70.9054//EN",
        },
        version: Text {
            params: {},
            text: "2.0",
        },
        calscale: Some(
            Text {
                params: {},
                text: "GREGORIAN",
            },
        ),
        method: Some(
            Text {
                params: {},
                text: "PUBLISH",
            },
        ),
        alarms: [],
        events: [
            VEvent {
                dtstamp: Local(
                    2016-10-31T20:28:28+01:00,
                ),
                uid: Text {
                    params: {},
                    text: "BFE33ADD-5553-48B5-B5A5-F9DA5CA4C393",
                },
                dtstart: DateTime(
                    Naive(
                        2016-10-28T14:00:00,
                    ),
                ),
                class: None,
                created: Some(
                    Local(
                        2016-10-29T14:12:29+02:00,
                    ),
                ),
                description: Some(
                    Text {
                        params: {},
                        text: "Some Description",
                    },
                ),
                geo: None,
                last_modified: Some(
                    Local(
                        2016-10-29T14:12:29+02:00,
                    ),
                ),
                location: Some(
                    Text {
                        params: {},
                        text: "Roadstar 16\\n12764 Happyville\\nDenmark",
                    },
                ),
                organizer: None,
                priority: None,
                sequence: Some(
                    0,
                ),
                status: Some(
                    Confirmed,
                ),
                summary: Some(
                    Text {
                        params: {},
                        text: "Daily Sync",
                    },
                ),
                transp: Some(
                    Opaque,
                ),
                url: None,
                recurid: None,
                rrule: Some(
                    Recur {
                        freq: Weekly,
                        until: None,
                        count: None,
                        interval: None,
                        by_second: [],
                        by_minute: [],
                        by_hour: [],
                        by_day: [
                            WeekdayNum {
                                weekday: Monday,
                                ord: None,
                            },
                            WeekdayNum {
                                weekday: Tuesday,
                                ord: None,
                            },
                            WeekdayNum {
                                weekday: Wenesday,
                                ord: None,
                            },
                            WeekdayNum {
                                weekday: Thurday,
                                ord: None,
                            },
                            WeekdayNum {
                                weekday: Friday,
                                ord: None,
                            },
                        ],
                        by_monthday: [],
                        by_yearday: [],
                        by_weekno: [],
                        by_month: [],
                        by_setpos: [],
                        wkst: None,
                    },
                ),
                dtend: Some(
                    DateTime(
                        Naive(
                            2016-10-28T14:30:00,
                        ),
                    ),
                ),
                duration: None,
                attach: [],
                attendee: [],
                categories: [],
                comment: [],
                contact: [],
                exdate: [],
                rstatus: [],
                related_to: [],
                resources: [],
                rdate: [],
                alarms: [],
                x_prop: {
                    "X-APPLE-STRUCTURED-LOCATION": ContentLine {
                        params: {
                            "VALUE": "URI",
                            "X-ADDRESS": "RÃ¶adstar 16\\n12764 Happyvi\r\n lle\\nDenmark",
                            "X-APPLE-MAPKIT-HANDLE": "CAESARoSCWYTYFhHQBEGfw4hQCIBDQoHRGVubW\r\n FyaxJES0hhcHB5dmlsbGUqSGFwcHl2aWxsZTIHSGFwcHl2aWxsZToEMTI3NjRCDQpSb2Fkc3Rh\r\n cloCMTZiUm9hZHN0YXIgMTYBEU1vcmRvcgENCk1vcmRvcioSUm9hZHN0YXIgMTYyUm9hZHN0YX\r\n IgMTYxMjc2NCBIYXBweXZpbGxlMgdEZW5tYXJrOThA=",
                            "X-APPLE-RADIUS": "49.913058665846\r\n 98",
                            "X-APPLE-REFERENCEFRAME": "1",
                            "X-TITLE": "",
                        },
                        value: "geo:52.382762,7.528319",
                    },
                },
                iana_prop: {},
            },
        ],
        freebusy: [],
        journals: [],
        todo: [],
        timezones: [
            VTimezone {
                tzid: Text {
                    params: {},
                    text: "Europe/Zurich",
                },
                last_modified: None,
                tzurl: None,
                standard: [
                    Prop {
                        dtstart: DateTime(
                            Naive(
                                1970-10-25T03:00:00,
                            ),
                        ),
                        tzoffsetto: +01:00,
                        tzoffsetfrom: +02:00,
                        rrule: Some(
                            Recur {
                                freq: Yearly,
                                until: None,
                                count: None,
                                interval: None,
                                by_second: [],
                                by_minute: [],
                                by_hour: [],
                                by_day: [
                                    WeekdayNum {
                                        weekday: Sunday,
                                        ord: Some(
                                            -1,
                                        ),
                                    },
                                ],
                                by_monthday: [],
                                by_yearday: [],
                                by_weekno: [],
                                by_month: [
                                    10,
                                ],
                                by_setpos: [],
                                wkst: None,
                            },
                        ),
                        comment: [],
                        rdate: [],
                        tzname: [
                            Text {
                                params: {},
                                text: "CET",
                            },
                        ],
                        x_prop: {},
                        iana_prop: {},
                    },
                ],
                daylight: [
                    Prop {
                        dtstart: DateTime(
                            Naive(
                                1970-03-29T02:00:00,
                            ),
                        ),
                        tzoffsetto: +02:00,
                        tzoffsetfrom: +01:00,
                        rrule: Some(
                            Recur {
                                freq: Yearly,
                                until: None,
                                count: None,
                                interval: None,
                                by_second: [],
                                by_minute: [],
                                by_hour: [],
                                by_day: [
                                    WeekdayNum {
                                        weekday: Sunday,
                                        ord: Some(
                                            -1,
                                        ),
                                    },
                                ],
                                by_monthday: [],
                                by_yearday: [],
                                by_weekno: [],
                                by_month: [
                                    3,
                                ],
                                by_setpos: [],
                                wkst: None,
                            },
                        ),
                        comment: [],
                        rdate: [],
                        tzname: [
                            Text {
                                params: {},
                                text: "CEST",
                            },
                        ],
                        x_prop: {},
                        iana_prop: {},
                    },
                ],
                x_prop: {
                    "X-LIC-LOCATION": ContentLine {
                        params: {},
                        value: "Europe/Zurich",
                    },
                },
                iana_prop: {},
            },
        ],
        x_prop: {
            "X-WR-CALDESC": ContentLine {
                params: {},
                value: "ITC Bookings",
            },
            "X-WR-CALNAME": ContentLine {
                params: {},
                value: "ITC",
            },
            "X-WR-TIMEZONE": ContentLine {
                params: {},
                value: "Europe/Zurich",
            },
        },
        iana_prop: {},
    },
)
