Ok(
    VEvent {
        dtstamp: Naive(
            2017-02-09T19:23:58,
        ),
        uid: "5UILHLI7RI6K2IDRAQX7O",
        dtstart: Date(
            2017-02-09,
        ),
        class: Some(
            Public,
        ),
        created: Some(
            Naive(
                2017-02-09T19:23:58,
            ),
        ),
        description: None,
        geo: None,
        last_modified: Some(
            Naive(
                2017-02-09T19:23:58,
            ),
        ),
        location: None,
        organizer: None,
        priority: None,
        sequence: None,
        status: Some(
            Confirmed,
        ),
        summary: Some(
            "Vers",
        ),
        transp: None,
        url: None,
        recurid: None,
        rrule: None,
        dtend: Some(
            Date(
                2017-02-10,
            ),
        ),
        duration: None,
        attach: [],
        attendee: [],
        categories: [],
        comment: [],
        contact: [],
        exdate: [],
        rstatus: [],
        related_to: [],
        resources: [],
        rdate: [],
        x_prop: {},
        iana_prop: {},
    },
)
