Ok(
    VEvent {
        dtstamp: Naive(
            2017-02-09T19:23:58,
        ),
        uid: Text {
            params: {},
            text: "5UILHLI7RI6K2IDRAQX7O",
        },
        dtstart: DateTime(
            Naive(
                1996-04-01T01:00:00,
            ),
        ),
        class: None,
        created: None,
        description: None,
        geo: None,
        last_modified: None,
        location: None,
        organizer: None,
        priority: None,
        sequence: None,
        status: None,
        summary: Some(
            Text {
                params: {},
                text: "A recurring event with exdates",
            },
        ),
        transp: None,
        url: None,
        recurid: None,
        rrule: Some(
            Recur {
                freq: Daily,
                until: None,
                count: Some(
                    100,
                ),
                interval: None,
                by_second: [],
                by_minute: [],
                by_hour: [],
                by_day: [],
                by_monthday: [],
                by_yearday: [],
                by_weekno: [],
                by_month: [],
                by_setpos: [],
                wkst: None,
            },
        ),
        dtend: Some(
            DateTime(
                Naive(
                    1996-04-01T02:00:00,
                ),
            ),
        ),
        duration: None,
        attach: [],
        attendee: [],
        categories: [],
        comment: [],
        contact: [],
        exdate: [
            DateTime(
                Local(
                    1996-04-02T03:00:00+02:00,
                ),
            ),
            DateTime(
                Local(
                    1996-04-03T03:00:00+02:00,
                ),
            ),
            DateTime(
                Local(
                    1996-04-04T03:00:00+02:00,
                ),
            ),
        ],
        rstatus: [],
        related_to: [],
        resources: [],
        rdate: [],
        alarms: [],
        x_prop: {},
        iana_prop: {},
    },
)
