Ok(
    VFreebusy {
        dtstamp: Local(
            1997-09-01T10:30:00+02:00,
        ),
        uid: "19970901T082949Z-FA43EF@example.com",
        contact: None,
        dtstart: DateTime(
            Local(
                1997-10-15T07:00:00+02:00,
            ),
        ),
        dtend: Some(
            DateTime(
                Local(
                    1997-10-16T07:00:00+02:00,
                ),
            ),
        ),
        organizer: Some(
            "mailto:jane_doe@example.com",
        ),
        url: None,
        attendee: [
            "mailto:john_public@example.com",
        ],
        comment: [],
        freebusy: [],
        rstatus: [],
        x_prop: {},
        iana_prop: {},
    },
)
