Ok(
    VFreebusy {
        dtstamp: Local(
            1997-09-01T12:00:00+02:00,
        ),
        uid: "19970901T095957Z-76A912@example.com",
        contact: None,
        dtstart: DateTime(
            Naive(
                1970-01-01T00:00:00,
            ),
        ),
        dtend: None,
        organizer: Some(
            "mailto:jane_doe@example.com",
        ),
        url: Some(
            "http://example.com/pub/busy/jpublic-01.ifb",
        ),
        attendee: [
            "mailto:john_public@example.com",
        ],
        comment: [
            "This iCalendar file contains busy time information for the next three months.",
        ],
        freebusy: [
            StartDur(
                StartDur {
                    start: Local(
                        1997-10-15T07:00:00+02:00,
                    ),
                    duration: Duration {
                        secs: 30600,
                        nanos: 0,
                    },
                },
            ),
            StartDur(
                StartDur {
                    start: Local(
                        1997-10-15T18:00:00+02:00,
                    ),
                    duration: Duration {
                        secs: 19800,
                        nanos: 0,
                    },
                },
            ),
            StartDur(
                StartDur {
                    start: Local(
                        1997-10-16T00:30:00+02:00,
                    ),
                    duration: Duration {
                        secs: 23400,
                        nanos: 0,
                    },
                },
            ),
        ],
        rstatus: [],
        x_prop: {},
        iana_prop: {},
    },
)
