Ok(
    VFreebusy {
        dtstamp: Local(
            1997-09-01T14:00:00+02:00,
        ),
        uid: Text {
            params: {},
            text: "19970901T115957Z-76A912@example.com",
        },
        contact: None,
        dtstart: DateTime(
            Local(
                1998-03-13T15:17:11+01:00,
            ),
        ),
        dtend: Some(
            DateTime(
                Local(
                    1998-04-10T16:17:11+02:00,
                ),
            ),
        ),
        organizer: Some(
            Uri {
                params: {},
                uri: "jsmith@example.com",
            },
        ),
        url: Some(
            Uri {
                params: {},
                uri: "http://www.example.com/calendar/busytime/jsmith.ifb",
            },
        ),
        attendee: [],
        comment: [],
        freebusy: [
            StartEnd(
                StartEnd {
                    start: Local(
                        1998-03-18T04:00:00+01:00,
                    ),
                    end: Local(
                        1998-03-18T05:00:00+01:00,
                    ),
                },
            ),
        ],
        rstatus: [],
        x_prop: {},
        iana_prop: {},
    },
)
