Ok(
    Audio(
        Audio {
            action: "AUDIO",
            trigger: DateTime(
                1997-03-17T14:30:00+01:00,
            ),
            duration: Some(
                Duration {
                    secs: 900,
                    nanos: 0,
                },
            ),
            repeat: Some(
                4,
            ),
            attach: [
                "ftp://example.com/pub/sounds/bell-01.aud",
            ],
            x_prop: {},
            iana_prop: {},
        },
    ),
)
