Ok(
    Display(
        Display {
            action: Text {
                params: {},
                text: "DISPLAY",
            },
            trigger: Duration(
                Duration {
                    secs: -1800,
                    nanos: 0,
                },
            ),
            description: Text {
                params: {},
                text: "Breakfast meeting with executive\\nteam at 8:30 AM EST.",
            },
            duration: Some(
                Duration {
                    secs: 900,
                    nanos: 0,
                },
            ),
            repeat: Some(
                2,
            ),
            x_prop: {},
            iana_prop: {},
        },
    ),
)
